id,name
55555555555555555555555555555555555555555555555555555555555555555555555555555,Oceania
66666666666666666666666666666666666666666666666666666666666666666666666666666,Polar
