name
Lab-Sar
Lakhdaria
Larbaâ
Larkird
Lashkar Gāh
Lazarat
Laç
Leskovik
Lezhë
Libohovë
Libonik
Lushnjë
Maliq
Mamurras
Mansourah
Markaz-e Woluswalī-ye Āchīn
Markaz-e Ḩukūmat-e Darwēshān
Maymana
Mazār-e Sharīf
Mborje
Meftah
Mehtar Lām
Melouza
Memaliaj
Merouana
Milot
Mīr Bachah Kōṯ
Mīrābād
Nahrīn
Nīlī
Orikum
Oumache
Paghmān
Panjāb
Patos
Patos Fshat
Peshkopi
Pogradec
Poliçan
Pukë
Pul-e Khumrī
Pul-e ‘Alam
Përmet
Pārūn
Qala i Naw
Qalāt
Qal‘ah-ye Shahr
Qarah Bāgh
Qarchī Gak
Qarqīn
Qarāwul
Reggane
Roskovec
Rouiba
Rrethi i Beratit
Rrethi i Bulqizës
Rrethi i Delvinës
Rrethi i Devollit
Rrethi i Dibrës
Rrethi i Hasit
Rrethi i Kavajës
Rrethi i Kolonjës
Rrethi i Krujës
Rrethi i Kukësit
Rrethi i Kurbinit
Rrethi i Kuçovës
Rrethi i Mallakastrës
Rrethi i Malësia e Madhe
Rrethi i Matit
Rrethi i Shkodrës
Rrethi i Skraparit
Rrethi i Tiranës
Rrogozhinë
Rrëshen
Rubik
Râs el Aïoun
Râs el Oued
Rāghistān
Rūdbār
Sang-e Chārak
Sangīn
Sar-e Pul
Sarandë
Saṟōbī
Seddouk
Selenicë
Shahrak
Shibirghān
Shijak
Shkodër
Shëngjin
Shīnḏanḏ
Sidi Khaled
Sidi Moussa
Sidi Okba
Sidqābād
Sinaballaj
Souma
Sour el Ghozlane
Sukth
Tagāw-Bāy
Taloqan
Tarinkot
Tazoult-Lambese
Tepelenë
Theniet el Had
Timimoun
Tirana
Tolga
Tukzār
Tīr Pul
Ulëz
Ura Vajgurore
Uruzgān
Vau i Dejës
Velçan
Vlorë
Vorë
Voskopojë
Vukatanë
Wākhān
Zaranj
Zarghūn Shahr
Zaṟah Sharan
Zeribet el Oued
Zindah Jān
el hed
Çorovodë
Āqchah
Ārt Khwājah
Āsmār
Ḩukūmatī Azrah
Ḩukūmatī Dahanah-ye Ghōrī
‘Alāqahdārī Dīshū
