wikiDataId,id,name
Q48,3,Asia
Q51,6,Polar
Q55643,5,Oceania
Q828,2,Americas
